// Jest Snapshot v1, https://goo.gl/fbAQLP

exports[`Should render ExpenseListItem with parameters 1`] = `
<div>
  <Link
    to="/edit/1"
  >
    <h3>
      gum
    </h3>
  </Link>
  <p>
    12300
     - 
    0
  </p>
</div>
`;
